2026-01-27 12:11:56,112 - pyiron_log - INFO - Assigning a channel with the label name to the io key structure__name
2026-01-27 12:11:56,112 - pyiron_log - INFO - Assigning a channel with the label crystalstructure to the io key structure__crystalstructure
2026-01-27 12:11:56,112 - pyiron_log - INFO - Assigning a channel with the label a to the io key structure__a
2026-01-27 12:11:56,112 - pyiron_log - INFO - Assigning a channel with the label c to the io key structure__c
2026-01-27 12:11:56,112 - pyiron_log - INFO - Assigning a channel with the label covera to the io key structure__covera
2026-01-27 12:11:56,112 - pyiron_log - INFO - Assigning a channel with the label u to the io key structure__u
2026-01-27 12:11:56,112 - pyiron_log - INFO - Assigning a channel with the label orthorhombic to the io key structure__orthorhombic
2026-01-27 12:11:56,112 - pyiron_log - INFO - Assigning a channel with the label cubic to the io key structure__cubic
2026-01-27 12:11:56,112 - pyiron_log - INFO - Assigning a channel with the label kg to the io key structure__kg
2026-01-27 12:11:56,112 - pyiron_log - INFO - Assigning a channel with the label pair_style to the io key ev_curves__pair_style
2026-01-27 12:11:56,112 - pyiron_log - INFO - Assigning a channel with the label pair_coeff to the io key ev_curves__pair_coeff
2026-01-27 12:11:56,112 - pyiron_log - INFO - Assigning a channel with the label vol_range to the io key ev_curves__vol_range
2026-01-27 12:11:56,112 - pyiron_log - INFO - Assigning a channel with the label num_of_points to the io key ev_curves__num_of_points
2026-01-27 12:11:56,112 - pyiron_log - INFO - Assigning a channel with the label cores to the io key ev_curves__cores
2026-01-27 12:11:56,112 - pyiron_log - INFO - Assigning a channel with the label e_tol to the io key ev_curves__e_tol
2026-01-27 12:11:56,112 - pyiron_log - INFO - Assigning a channel with the label f_tol to the io key ev_curves__f_tol
2026-01-27 12:11:56,112 - pyiron_log - INFO - Assigning a channel with the label n_energy_steps to the io key ev_curves__n_energy_steps
2026-01-27 12:11:56,112 - pyiron_log - INFO - Assigning a channel with the label n_force_steps to the io key ev_curves__n_force_steps
2026-01-27 12:11:56,112 - pyiron_log - INFO - Assigning a channel with the label kg to the io key ev_curves__kg
2026-01-27 12:11:56,112 - pyiron_log - INFO - Assigning a channel with the label potential_type to the io key ev_curves__potential_type
2026-01-27 12:11:56,112 - pyiron_log - INFO - Assigning a channel with the label potential_doi to the io key ev_curves__potential_doi
2026-01-27 12:11:56,112 - pyiron_log - INFO - Assigning a channel with the label name to the io key structure__name
2026-01-27 12:11:56,112 - pyiron_log - INFO - Assigning a channel with the label crystalstructure to the io key structure__crystalstructure
2026-01-27 12:11:56,112 - pyiron_log - INFO - Assigning a channel with the label a to the io key structure__a
2026-01-27 12:11:56,112 - pyiron_log - INFO - Assigning a channel with the label c to the io key structure__c
2026-01-27 12:11:56,112 - pyiron_log - INFO - Assigning a channel with the label covera to the io key structure__covera
2026-01-27 12:11:56,112 - pyiron_log - INFO - Assigning a channel with the label u to the io key structure__u
2026-01-27 12:11:56,112 - pyiron_log - INFO - Assigning a channel with the label orthorhombic to the io key structure__orthorhombic
2026-01-27 12:11:56,112 - pyiron_log - INFO - Assigning a channel with the label cubic to the io key structure__cubic
2026-01-27 12:11:56,112 - pyiron_log - INFO - Assigning a channel with the label kg to the io key structure__kg
2026-01-27 12:11:56,112 - pyiron_log - INFO - Assigning a channel with the label pair_style to the io key ev_curves__pair_style
2026-01-27 12:11:56,112 - pyiron_log - INFO - Assigning a channel with the label pair_coeff to the io key ev_curves__pair_coeff
2026-01-27 12:11:56,113 - pyiron_log - INFO - Assigning a channel with the label vol_range to the io key ev_curves__vol_range
2026-01-27 12:11:56,113 - pyiron_log - INFO - Assigning a channel with the label num_of_points to the io key ev_curves__num_of_points
2026-01-27 12:11:56,113 - pyiron_log - INFO - Assigning a channel with the label cores to the io key ev_curves__cores
2026-01-27 12:11:56,113 - pyiron_log - INFO - Assigning a channel with the label e_tol to the io key ev_curves__e_tol
2026-01-27 12:11:56,113 - pyiron_log - INFO - Assigning a channel with the label f_tol to the io key ev_curves__f_tol
2026-01-27 12:11:56,113 - pyiron_log - INFO - Assigning a channel with the label n_energy_steps to the io key ev_curves__n_energy_steps
2026-01-27 12:11:56,113 - pyiron_log - INFO - Assigning a channel with the label n_force_steps to the io key ev_curves__n_force_steps
2026-01-27 12:11:56,113 - pyiron_log - INFO - Assigning a channel with the label kg to the io key ev_curves__kg
2026-01-27 12:11:56,113 - pyiron_log - INFO - Assigning a channel with the label potential_type to the io key ev_curves__potential_type
2026-01-27 12:11:56,113 - pyiron_log - INFO - Assigning a channel with the label potential_doi to the io key ev_curves__potential_doi
2026-01-27 12:11:56,113 - pyiron_log - INFO - Assigning a channel with the label name to the io key structure__name
2026-01-27 12:11:56,113 - pyiron_log - INFO - Assigning a channel with the label crystalstructure to the io key structure__crystalstructure
2026-01-27 12:11:56,113 - pyiron_log - INFO - Assigning a channel with the label a to the io key structure__a
2026-01-27 12:11:56,113 - pyiron_log - INFO - Assigning a channel with the label c to the io key structure__c
2026-01-27 12:11:56,113 - pyiron_log - INFO - Assigning a channel with the label covera to the io key structure__covera
2026-01-27 12:11:56,113 - pyiron_log - INFO - Assigning a channel with the label u to the io key structure__u
2026-01-27 12:11:56,113 - pyiron_log - INFO - Assigning a channel with the label orthorhombic to the io key structure__orthorhombic
2026-01-27 12:11:56,113 - pyiron_log - INFO - Assigning a channel with the label cubic to the io key structure__cubic
2026-01-27 12:11:56,113 - pyiron_log - INFO - Assigning a channel with the label kg to the io key structure__kg
2026-01-27 12:11:56,113 - pyiron_log - INFO - Assigning a channel with the label pair_style to the io key ev_curves__pair_style
2026-01-27 12:11:56,113 - pyiron_log - INFO - Assigning a channel with the label pair_coeff to the io key ev_curves__pair_coeff
2026-01-27 12:11:56,113 - pyiron_log - INFO - Assigning a channel with the label vol_range to the io key ev_curves__vol_range
2026-01-27 12:11:56,113 - pyiron_log - INFO - Assigning a channel with the label num_of_points to the io key ev_curves__num_of_points
2026-01-27 12:11:56,113 - pyiron_log - INFO - Assigning a channel with the label cores to the io key ev_curves__cores
2026-01-27 12:11:56,113 - pyiron_log - INFO - Assigning a channel with the label e_tol to the io key ev_curves__e_tol
2026-01-27 12:11:56,113 - pyiron_log - INFO - Assigning a channel with the label f_tol to the io key ev_curves__f_tol
2026-01-27 12:11:56,113 - pyiron_log - INFO - Assigning a channel with the label n_energy_steps to the io key ev_curves__n_energy_steps
2026-01-27 12:11:56,113 - pyiron_log - INFO - Assigning a channel with the label n_force_steps to the io key ev_curves__n_force_steps
2026-01-27 12:11:56,113 - pyiron_log - INFO - Assigning a channel with the label kg to the io key ev_curves__kg
2026-01-27 12:11:56,113 - pyiron_log - INFO - Assigning a channel with the label potential_type to the io key ev_curves__potential_type
2026-01-27 12:11:56,113 - pyiron_log - INFO - Assigning a channel with the label potential_doi to the io key ev_curves__potential_doi
2026-01-27 12:11:56,113 - pyiron_log - INFO - Assigning a channel with the label name to the io key structure__name
2026-01-27 12:11:56,113 - pyiron_log - INFO - Assigning a channel with the label crystalstructure to the io key structure__crystalstructure
2026-01-27 12:11:56,113 - pyiron_log - INFO - Assigning a channel with the label a to the io key structure__a
2026-01-27 12:11:56,113 - pyiron_log - INFO - Assigning a channel with the label c to the io key structure__c
2026-01-27 12:11:56,113 - pyiron_log - INFO - Assigning a channel with the label covera to the io key structure__covera
2026-01-27 12:11:56,113 - pyiron_log - INFO - Assigning a channel with the label u to the io key structure__u
2026-01-27 12:11:56,113 - pyiron_log - INFO - Assigning a channel with the label orthorhombic to the io key structure__orthorhombic
2026-01-27 12:11:56,113 - pyiron_log - INFO - Assigning a channel with the label cubic to the io key structure__cubic
2026-01-27 12:11:56,113 - pyiron_log - INFO - Assigning a channel with the label kg to the io key structure__kg
2026-01-27 12:11:56,113 - pyiron_log - INFO - Assigning a channel with the label pair_style to the io key ev_curves__pair_style
2026-01-27 12:11:56,113 - pyiron_log - INFO - Assigning a channel with the label pair_coeff to the io key ev_curves__pair_coeff
2026-01-27 12:11:56,113 - pyiron_log - INFO - Assigning a channel with the label vol_range to the io key ev_curves__vol_range
2026-01-27 12:11:56,113 - pyiron_log - INFO - Assigning a channel with the label num_of_points to the io key ev_curves__num_of_points
2026-01-27 12:11:56,113 - pyiron_log - INFO - Assigning a channel with the label cores to the io key ev_curves__cores
2026-01-27 12:11:56,113 - pyiron_log - INFO - Assigning a channel with the label e_tol to the io key ev_curves__e_tol
2026-01-27 12:11:56,113 - pyiron_log - INFO - Assigning a channel with the label f_tol to the io key ev_curves__f_tol
2026-01-27 12:11:56,113 - pyiron_log - INFO - Assigning a channel with the label n_energy_steps to the io key ev_curves__n_energy_steps
2026-01-27 12:11:56,113 - pyiron_log - INFO - Assigning a channel with the label n_force_steps to the io key ev_curves__n_force_steps
2026-01-27 12:11:56,113 - pyiron_log - INFO - Assigning a channel with the label kg to the io key ev_curves__kg
2026-01-27 12:11:56,113 - pyiron_log - INFO - Assigning a channel with the label potential_type to the io key ev_curves__potential_type
2026-01-27 12:11:56,113 - pyiron_log - INFO - Assigning a channel with the label potential_doi to the io key ev_curves__potential_doi
2026-01-27 12:11:56,113 - pyiron_log - INFO - Assigning a channel with the label name to the io key structure__name
2026-01-27 12:11:56,113 - pyiron_log - INFO - Assigning a channel with the label crystalstructure to the io key structure__crystalstructure
2026-01-27 12:11:56,113 - pyiron_log - INFO - Assigning a channel with the label a to the io key structure__a
2026-01-27 12:11:56,113 - pyiron_log - INFO - Assigning a channel with the label c to the io key structure__c
2026-01-27 12:11:56,113 - pyiron_log - INFO - Assigning a channel with the label covera to the io key structure__covera
2026-01-27 12:11:56,113 - pyiron_log - INFO - Assigning a channel with the label u to the io key structure__u
2026-01-27 12:11:56,113 - pyiron_log - INFO - Assigning a channel with the label orthorhombic to the io key structure__orthorhombic
2026-01-27 12:11:56,113 - pyiron_log - INFO - Assigning a channel with the label cubic to the io key structure__cubic
2026-01-27 12:11:56,113 - pyiron_log - INFO - Assigning a channel with the label kg to the io key structure__kg
2026-01-27 12:11:56,113 - pyiron_log - INFO - Assigning a channel with the label pair_style to the io key ev_curves__pair_style
2026-01-27 12:11:56,113 - pyiron_log - INFO - Assigning a channel with the label pair_coeff to the io key ev_curves__pair_coeff
2026-01-27 12:11:56,113 - pyiron_log - INFO - Assigning a channel with the label vol_range to the io key ev_curves__vol_range
2026-01-27 12:11:56,113 - pyiron_log - INFO - Assigning a channel with the label num_of_points to the io key ev_curves__num_of_points
2026-01-27 12:11:56,113 - pyiron_log - INFO - Assigning a channel with the label cores to the io key ev_curves__cores
2026-01-27 12:11:56,113 - pyiron_log - INFO - Assigning a channel with the label e_tol to the io key ev_curves__e_tol
2026-01-27 12:11:56,113 - pyiron_log - INFO - Assigning a channel with the label f_tol to the io key ev_curves__f_tol
2026-01-27 12:11:56,113 - pyiron_log - INFO - Assigning a channel with the label n_energy_steps to the io key ev_curves__n_energy_steps
2026-01-27 12:11:56,113 - pyiron_log - INFO - Assigning a channel with the label n_force_steps to the io key ev_curves__n_force_steps
2026-01-27 12:11:56,113 - pyiron_log - INFO - Assigning a channel with the label kg to the io key ev_curves__kg
2026-01-27 12:11:56,113 - pyiron_log - INFO - Assigning a channel with the label potential_type to the io key ev_curves__potential_type
2026-01-27 12:11:56,113 - pyiron_log - INFO - Assigning a channel with the label potential_doi to the io key ev_curves__potential_doi
2026-01-27 12:11:56,113 - pyiron_log - INFO - Assigning a channel with the label name to the io key structure__name
2026-01-27 12:11:56,113 - pyiron_log - INFO - Assigning a channel with the label crystalstructure to the io key structure__crystalstructure
2026-01-27 12:11:56,113 - pyiron_log - INFO - Assigning a channel with the label a to the io key structure__a
2026-01-27 12:11:56,113 - pyiron_log - INFO - Assigning a channel with the label c to the io key structure__c
2026-01-27 12:11:56,113 - pyiron_log - INFO - Assigning a channel with the label covera to the io key structure__covera
2026-01-27 12:11:56,113 - pyiron_log - INFO - Assigning a channel with the label u to the io key structure__u
2026-01-27 12:11:56,113 - pyiron_log - INFO - Assigning a channel with the label orthorhombic to the io key structure__orthorhombic
2026-01-27 12:11:56,113 - pyiron_log - INFO - Assigning a channel with the label cubic to the io key structure__cubic
2026-01-27 12:11:56,113 - pyiron_log - INFO - Assigning a channel with the label kg to the io key structure__kg
2026-01-27 12:11:56,113 - pyiron_log - INFO - Assigning a channel with the label pair_style to the io key ev_curves__pair_style
2026-01-27 12:11:56,113 - pyiron_log - INFO - Assigning a channel with the label pair_coeff to the io key ev_curves__pair_coeff
2026-01-27 12:11:56,113 - pyiron_log - INFO - Assigning a channel with the label vol_range to the io key ev_curves__vol_range
2026-01-27 12:11:56,113 - pyiron_log - INFO - Assigning a channel with the label num_of_points to the io key ev_curves__num_of_points
2026-01-27 12:11:56,113 - pyiron_log - INFO - Assigning a channel with the label cores to the io key ev_curves__cores
2026-01-27 12:11:56,113 - pyiron_log - INFO - Assigning a channel with the label e_tol to the io key ev_curves__e_tol
2026-01-27 12:11:56,114 - pyiron_log - INFO - Assigning a channel with the label f_tol to the io key ev_curves__f_tol
2026-01-27 12:11:56,114 - pyiron_log - INFO - Assigning a channel with the label n_energy_steps to the io key ev_curves__n_energy_steps
2026-01-27 12:11:56,114 - pyiron_log - INFO - Assigning a channel with the label n_force_steps to the io key ev_curves__n_force_steps
2026-01-27 12:11:56,114 - pyiron_log - INFO - Assigning a channel with the label kg to the io key ev_curves__kg
2026-01-27 12:11:56,114 - pyiron_log - INFO - Assigning a channel with the label potential_type to the io key ev_curves__potential_type
2026-01-27 12:11:56,114 - pyiron_log - INFO - Assigning a channel with the label potential_doi to the io key ev_curves__potential_doi
2026-01-27 12:12:01,558 - pyiron_log - INFO - Assigning a channel with the label datadict to the io key ev_curves__datadict
2026-01-27 12:12:06,149 - pyiron_log - INFO - Assigning a channel with the label name to the io key structure__name
2026-01-27 12:12:06,149 - pyiron_log - INFO - Assigning a channel with the label crystalstructure to the io key structure__crystalstructure
2026-01-27 12:12:06,150 - pyiron_log - INFO - Assigning a channel with the label a to the io key structure__a
2026-01-27 12:12:06,150 - pyiron_log - INFO - Assigning a channel with the label c to the io key structure__c
2026-01-27 12:12:06,150 - pyiron_log - INFO - Assigning a channel with the label covera to the io key structure__covera
2026-01-27 12:12:06,150 - pyiron_log - INFO - Assigning a channel with the label u to the io key structure__u
2026-01-27 12:12:06,150 - pyiron_log - INFO - Assigning a channel with the label orthorhombic to the io key structure__orthorhombic
2026-01-27 12:12:06,150 - pyiron_log - INFO - Assigning a channel with the label cubic to the io key structure__cubic
2026-01-27 12:12:06,150 - pyiron_log - INFO - Assigning a channel with the label kg to the io key structure__kg
2026-01-27 12:12:06,150 - pyiron_log - INFO - Assigning a channel with the label pair_style to the io key ev_curves__pair_style
2026-01-27 12:12:06,150 - pyiron_log - INFO - Assigning a channel with the label pair_coeff to the io key ev_curves__pair_coeff
2026-01-27 12:12:06,150 - pyiron_log - INFO - Assigning a channel with the label vol_range to the io key ev_curves__vol_range
2026-01-27 12:12:06,150 - pyiron_log - INFO - Assigning a channel with the label num_of_points to the io key ev_curves__num_of_points
2026-01-27 12:12:06,150 - pyiron_log - INFO - Assigning a channel with the label cores to the io key ev_curves__cores
2026-01-27 12:12:06,150 - pyiron_log - INFO - Assigning a channel with the label e_tol to the io key ev_curves__e_tol
2026-01-27 12:12:06,150 - pyiron_log - INFO - Assigning a channel with the label f_tol to the io key ev_curves__f_tol
2026-01-27 12:12:06,150 - pyiron_log - INFO - Assigning a channel with the label n_energy_steps to the io key ev_curves__n_energy_steps
2026-01-27 12:12:06,150 - pyiron_log - INFO - Assigning a channel with the label n_force_steps to the io key ev_curves__n_force_steps
2026-01-27 12:12:06,150 - pyiron_log - INFO - Assigning a channel with the label kg to the io key ev_curves__kg
2026-01-27 12:12:06,150 - pyiron_log - INFO - Assigning a channel with the label potential_type to the io key ev_curves__potential_type
2026-01-27 12:12:06,150 - pyiron_log - INFO - Assigning a channel with the label potential_doi to the io key ev_curves__potential_doi
2026-01-27 12:12:06,151 - pyiron_log - INFO - Assigning a channel with the label datadict to the io key ev_curves__datadict
2026-01-27 12:12:06,151 - pyiron_log - INFO - Assigning a channel with the label name to the io key structure__name
2026-01-27 12:12:06,151 - pyiron_log - INFO - Assigning a channel with the label crystalstructure to the io key structure__crystalstructure
2026-01-27 12:12:06,151 - pyiron_log - INFO - Assigning a channel with the label a to the io key structure__a
2026-01-27 12:12:06,151 - pyiron_log - INFO - Assigning a channel with the label c to the io key structure__c
2026-01-27 12:12:06,151 - pyiron_log - INFO - Assigning a channel with the label covera to the io key structure__covera
2026-01-27 12:12:06,151 - pyiron_log - INFO - Assigning a channel with the label u to the io key structure__u
2026-01-27 12:12:06,151 - pyiron_log - INFO - Assigning a channel with the label orthorhombic to the io key structure__orthorhombic
2026-01-27 12:12:06,151 - pyiron_log - INFO - Assigning a channel with the label cubic to the io key structure__cubic
2026-01-27 12:12:06,151 - pyiron_log - INFO - Assigning a channel with the label kg to the io key structure__kg
2026-01-27 12:12:06,151 - pyiron_log - INFO - Assigning a channel with the label pair_style to the io key ev_curves__pair_style
2026-01-27 12:12:06,151 - pyiron_log - INFO - Assigning a channel with the label pair_coeff to the io key ev_curves__pair_coeff
2026-01-27 12:12:06,151 - pyiron_log - INFO - Assigning a channel with the label vol_range to the io key ev_curves__vol_range
2026-01-27 12:12:06,151 - pyiron_log - INFO - Assigning a channel with the label num_of_points to the io key ev_curves__num_of_points
2026-01-27 12:12:06,151 - pyiron_log - INFO - Assigning a channel with the label cores to the io key ev_curves__cores
2026-01-27 12:12:06,151 - pyiron_log - INFO - Assigning a channel with the label e_tol to the io key ev_curves__e_tol
2026-01-27 12:12:06,151 - pyiron_log - INFO - Assigning a channel with the label f_tol to the io key ev_curves__f_tol
2026-01-27 12:12:06,151 - pyiron_log - INFO - Assigning a channel with the label n_energy_steps to the io key ev_curves__n_energy_steps
2026-01-27 12:12:06,151 - pyiron_log - INFO - Assigning a channel with the label n_force_steps to the io key ev_curves__n_force_steps
2026-01-27 12:12:06,151 - pyiron_log - INFO - Assigning a channel with the label kg to the io key ev_curves__kg
2026-01-27 12:12:06,151 - pyiron_log - INFO - Assigning a channel with the label potential_type to the io key ev_curves__potential_type
2026-01-27 12:12:06,151 - pyiron_log - INFO - Assigning a channel with the label potential_doi to the io key ev_curves__potential_doi
2026-01-27 12:12:06,151 - pyiron_log - INFO - Assigning a channel with the label datadict to the io key ev_curves__datadict
2026-01-27 12:12:06,152 - pyiron_log - INFO - Assigning a channel with the label name to the io key structure__name
2026-01-27 12:12:06,152 - pyiron_log - INFO - Assigning a channel with the label crystalstructure to the io key structure__crystalstructure
2026-01-27 12:12:06,152 - pyiron_log - INFO - Assigning a channel with the label a to the io key structure__a
2026-01-27 12:12:06,152 - pyiron_log - INFO - Assigning a channel with the label c to the io key structure__c
2026-01-27 12:12:06,152 - pyiron_log - INFO - Assigning a channel with the label covera to the io key structure__covera
2026-01-27 12:12:06,152 - pyiron_log - INFO - Assigning a channel with the label u to the io key structure__u
2026-01-27 12:12:06,152 - pyiron_log - INFO - Assigning a channel with the label orthorhombic to the io key structure__orthorhombic
2026-01-27 12:12:06,152 - pyiron_log - INFO - Assigning a channel with the label cubic to the io key structure__cubic
2026-01-27 12:12:06,152 - pyiron_log - INFO - Assigning a channel with the label kg to the io key structure__kg
2026-01-27 12:12:06,152 - pyiron_log - INFO - Assigning a channel with the label pair_style to the io key ev_curves__pair_style
2026-01-27 12:12:06,152 - pyiron_log - INFO - Assigning a channel with the label pair_coeff to the io key ev_curves__pair_coeff
2026-01-27 12:12:06,152 - pyiron_log - INFO - Assigning a channel with the label vol_range to the io key ev_curves__vol_range
2026-01-27 12:12:06,152 - pyiron_log - INFO - Assigning a channel with the label num_of_points to the io key ev_curves__num_of_points
2026-01-27 12:12:06,152 - pyiron_log - INFO - Assigning a channel with the label cores to the io key ev_curves__cores
2026-01-27 12:12:06,152 - pyiron_log - INFO - Assigning a channel with the label e_tol to the io key ev_curves__e_tol
2026-01-27 12:12:06,152 - pyiron_log - INFO - Assigning a channel with the label f_tol to the io key ev_curves__f_tol
2026-01-27 12:12:06,152 - pyiron_log - INFO - Assigning a channel with the label n_energy_steps to the io key ev_curves__n_energy_steps
2026-01-27 12:12:06,152 - pyiron_log - INFO - Assigning a channel with the label n_force_steps to the io key ev_curves__n_force_steps
2026-01-27 12:12:06,152 - pyiron_log - INFO - Assigning a channel with the label kg to the io key ev_curves__kg
2026-01-27 12:12:06,152 - pyiron_log - INFO - Assigning a channel with the label potential_type to the io key ev_curves__potential_type
2026-01-27 12:12:06,152 - pyiron_log - INFO - Assigning a channel with the label potential_doi to the io key ev_curves__potential_doi
2026-01-27 12:12:06,153 - pyiron_log - INFO - Assigning a channel with the label datadict to the io key ev_curves__datadict
2026-01-27 16:43:42,417 - pyiron_log - INFO - Assigning a channel with the label name to the io key structure__name
2026-01-27 16:43:42,417 - pyiron_log - INFO - Assigning a channel with the label crystalstructure to the io key structure__crystalstructure
2026-01-27 16:43:42,417 - pyiron_log - INFO - Assigning a channel with the label a to the io key structure__a
2026-01-27 16:43:42,417 - pyiron_log - INFO - Assigning a channel with the label c to the io key structure__c
2026-01-27 16:43:42,417 - pyiron_log - INFO - Assigning a channel with the label covera to the io key structure__covera
2026-01-27 16:43:42,417 - pyiron_log - INFO - Assigning a channel with the label u to the io key structure__u
2026-01-27 16:43:42,417 - pyiron_log - INFO - Assigning a channel with the label orthorhombic to the io key structure__orthorhombic
2026-01-27 16:43:42,417 - pyiron_log - INFO - Assigning a channel with the label cubic to the io key structure__cubic
2026-01-27 16:43:42,417 - pyiron_log - INFO - Assigning a channel with the label cdict to the io key structure__cdict
2026-01-27 16:43:42,417 - pyiron_log - INFO - Assigning a channel with the label pair_style to the io key ev_curves__pair_style
2026-01-27 16:43:42,417 - pyiron_log - INFO - Assigning a channel with the label pair_coeff to the io key ev_curves__pair_coeff
2026-01-27 16:43:42,417 - pyiron_log - INFO - Assigning a channel with the label vol_range to the io key ev_curves__vol_range
2026-01-27 16:43:42,417 - pyiron_log - INFO - Assigning a channel with the label num_of_points to the io key ev_curves__num_of_points
2026-01-27 16:43:42,417 - pyiron_log - INFO - Assigning a channel with the label cores to the io key ev_curves__cores
2026-01-27 16:43:42,417 - pyiron_log - INFO - Assigning a channel with the label e_tol to the io key ev_curves__e_tol
2026-01-27 16:43:42,417 - pyiron_log - INFO - Assigning a channel with the label f_tol to the io key ev_curves__f_tol
2026-01-27 16:43:42,417 - pyiron_log - INFO - Assigning a channel with the label n_energy_steps to the io key ev_curves__n_energy_steps
2026-01-27 16:43:42,417 - pyiron_log - INFO - Assigning a channel with the label n_force_steps to the io key ev_curves__n_force_steps
2026-01-27 16:43:42,417 - pyiron_log - INFO - Assigning a channel with the label cdict to the io key ev_curves__cdict
2026-01-27 16:43:42,417 - pyiron_log - INFO - Assigning a channel with the label potential_type to the io key ev_curves__potential_type
2026-01-27 16:43:42,417 - pyiron_log - INFO - Assigning a channel with the label potential_doi to the io key ev_curves__potential_doi
2026-01-27 16:43:42,417 - pyiron_log - INFO - Assigning a channel with the label name to the io key structure__name
2026-01-27 16:43:42,417 - pyiron_log - INFO - Assigning a channel with the label crystalstructure to the io key structure__crystalstructure
2026-01-27 16:43:42,417 - pyiron_log - INFO - Assigning a channel with the label a to the io key structure__a
2026-01-27 16:43:42,418 - pyiron_log - INFO - Assigning a channel with the label c to the io key structure__c
2026-01-27 16:43:42,418 - pyiron_log - INFO - Assigning a channel with the label covera to the io key structure__covera
2026-01-27 16:43:42,418 - pyiron_log - INFO - Assigning a channel with the label u to the io key structure__u
2026-01-27 16:43:42,418 - pyiron_log - INFO - Assigning a channel with the label orthorhombic to the io key structure__orthorhombic
2026-01-27 16:43:42,418 - pyiron_log - INFO - Assigning a channel with the label cubic to the io key structure__cubic
2026-01-27 16:43:42,418 - pyiron_log - INFO - Assigning a channel with the label cdict to the io key structure__cdict
2026-01-27 16:43:42,418 - pyiron_log - INFO - Assigning a channel with the label pair_style to the io key ev_curves__pair_style
2026-01-27 16:43:42,418 - pyiron_log - INFO - Assigning a channel with the label pair_coeff to the io key ev_curves__pair_coeff
2026-01-27 16:43:42,418 - pyiron_log - INFO - Assigning a channel with the label vol_range to the io key ev_curves__vol_range
2026-01-27 16:43:42,418 - pyiron_log - INFO - Assigning a channel with the label num_of_points to the io key ev_curves__num_of_points
2026-01-27 16:43:42,418 - pyiron_log - INFO - Assigning a channel with the label cores to the io key ev_curves__cores
2026-01-27 16:43:42,418 - pyiron_log - INFO - Assigning a channel with the label e_tol to the io key ev_curves__e_tol
2026-01-27 16:43:42,418 - pyiron_log - INFO - Assigning a channel with the label f_tol to the io key ev_curves__f_tol
2026-01-27 16:43:42,418 - pyiron_log - INFO - Assigning a channel with the label n_energy_steps to the io key ev_curves__n_energy_steps
2026-01-27 16:43:42,418 - pyiron_log - INFO - Assigning a channel with the label n_force_steps to the io key ev_curves__n_force_steps
2026-01-27 16:43:42,418 - pyiron_log - INFO - Assigning a channel with the label cdict to the io key ev_curves__cdict
2026-01-27 16:43:42,418 - pyiron_log - INFO - Assigning a channel with the label potential_type to the io key ev_curves__potential_type
2026-01-27 16:43:42,418 - pyiron_log - INFO - Assigning a channel with the label potential_doi to the io key ev_curves__potential_doi
2026-01-27 16:43:42,418 - pyiron_log - INFO - Assigning a channel with the label name to the io key structure__name
2026-01-27 16:43:42,418 - pyiron_log - INFO - Assigning a channel with the label crystalstructure to the io key structure__crystalstructure
2026-01-27 16:43:42,418 - pyiron_log - INFO - Assigning a channel with the label a to the io key structure__a
2026-01-27 16:43:42,418 - pyiron_log - INFO - Assigning a channel with the label c to the io key structure__c
2026-01-27 16:43:42,418 - pyiron_log - INFO - Assigning a channel with the label covera to the io key structure__covera
2026-01-27 16:43:42,418 - pyiron_log - INFO - Assigning a channel with the label u to the io key structure__u
2026-01-27 16:43:42,418 - pyiron_log - INFO - Assigning a channel with the label orthorhombic to the io key structure__orthorhombic
2026-01-27 16:43:42,418 - pyiron_log - INFO - Assigning a channel with the label cubic to the io key structure__cubic
2026-01-27 16:43:42,418 - pyiron_log - INFO - Assigning a channel with the label cdict to the io key structure__cdict
2026-01-27 16:43:42,418 - pyiron_log - INFO - Assigning a channel with the label pair_style to the io key ev_curves__pair_style
2026-01-27 16:43:42,418 - pyiron_log - INFO - Assigning a channel with the label pair_coeff to the io key ev_curves__pair_coeff
2026-01-27 16:43:42,418 - pyiron_log - INFO - Assigning a channel with the label vol_range to the io key ev_curves__vol_range
2026-01-27 16:43:42,418 - pyiron_log - INFO - Assigning a channel with the label num_of_points to the io key ev_curves__num_of_points
2026-01-27 16:43:42,418 - pyiron_log - INFO - Assigning a channel with the label cores to the io key ev_curves__cores
2026-01-27 16:43:42,418 - pyiron_log - INFO - Assigning a channel with the label e_tol to the io key ev_curves__e_tol
2026-01-27 16:43:42,418 - pyiron_log - INFO - Assigning a channel with the label f_tol to the io key ev_curves__f_tol
2026-01-27 16:43:42,418 - pyiron_log - INFO - Assigning a channel with the label n_energy_steps to the io key ev_curves__n_energy_steps
2026-01-27 16:43:42,418 - pyiron_log - INFO - Assigning a channel with the label n_force_steps to the io key ev_curves__n_force_steps
2026-01-27 16:43:42,418 - pyiron_log - INFO - Assigning a channel with the label cdict to the io key ev_curves__cdict
2026-01-27 16:43:42,418 - pyiron_log - INFO - Assigning a channel with the label potential_type to the io key ev_curves__potential_type
2026-01-27 16:43:42,418 - pyiron_log - INFO - Assigning a channel with the label potential_doi to the io key ev_curves__potential_doi
2026-01-27 16:43:42,418 - pyiron_log - INFO - Assigning a channel with the label name to the io key structure__name
2026-01-27 16:43:42,418 - pyiron_log - INFO - Assigning a channel with the label crystalstructure to the io key structure__crystalstructure
2026-01-27 16:43:42,418 - pyiron_log - INFO - Assigning a channel with the label a to the io key structure__a
2026-01-27 16:43:42,418 - pyiron_log - INFO - Assigning a channel with the label c to the io key structure__c
2026-01-27 16:43:42,418 - pyiron_log - INFO - Assigning a channel with the label covera to the io key structure__covera
2026-01-27 16:43:42,418 - pyiron_log - INFO - Assigning a channel with the label u to the io key structure__u
2026-01-27 16:43:42,418 - pyiron_log - INFO - Assigning a channel with the label orthorhombic to the io key structure__orthorhombic
2026-01-27 16:43:42,418 - pyiron_log - INFO - Assigning a channel with the label cubic to the io key structure__cubic
2026-01-27 16:43:42,418 - pyiron_log - INFO - Assigning a channel with the label cdict to the io key structure__cdict
2026-01-27 16:43:42,418 - pyiron_log - INFO - Assigning a channel with the label pair_style to the io key ev_curves__pair_style
2026-01-27 16:43:42,418 - pyiron_log - INFO - Assigning a channel with the label pair_coeff to the io key ev_curves__pair_coeff
2026-01-27 16:43:42,418 - pyiron_log - INFO - Assigning a channel with the label vol_range to the io key ev_curves__vol_range
2026-01-27 16:43:42,418 - pyiron_log - INFO - Assigning a channel with the label num_of_points to the io key ev_curves__num_of_points
2026-01-27 16:43:42,418 - pyiron_log - INFO - Assigning a channel with the label cores to the io key ev_curves__cores
2026-01-27 16:43:42,418 - pyiron_log - INFO - Assigning a channel with the label e_tol to the io key ev_curves__e_tol
2026-01-27 16:43:42,418 - pyiron_log - INFO - Assigning a channel with the label f_tol to the io key ev_curves__f_tol
2026-01-27 16:43:42,418 - pyiron_log - INFO - Assigning a channel with the label n_energy_steps to the io key ev_curves__n_energy_steps
2026-01-27 16:43:42,418 - pyiron_log - INFO - Assigning a channel with the label n_force_steps to the io key ev_curves__n_force_steps
2026-01-27 16:43:42,418 - pyiron_log - INFO - Assigning a channel with the label cdict to the io key ev_curves__cdict
2026-01-27 16:43:42,418 - pyiron_log - INFO - Assigning a channel with the label potential_type to the io key ev_curves__potential_type
2026-01-27 16:43:42,418 - pyiron_log - INFO - Assigning a channel with the label potential_doi to the io key ev_curves__potential_doi
2026-01-27 16:43:42,418 - pyiron_log - INFO - Assigning a channel with the label name to the io key structure__name
2026-01-27 16:43:42,418 - pyiron_log - INFO - Assigning a channel with the label crystalstructure to the io key structure__crystalstructure
2026-01-27 16:43:42,418 - pyiron_log - INFO - Assigning a channel with the label a to the io key structure__a
2026-01-27 16:43:42,418 - pyiron_log - INFO - Assigning a channel with the label c to the io key structure__c
2026-01-27 16:43:42,418 - pyiron_log - INFO - Assigning a channel with the label covera to the io key structure__covera
2026-01-27 16:43:42,418 - pyiron_log - INFO - Assigning a channel with the label u to the io key structure__u
2026-01-27 16:43:42,418 - pyiron_log - INFO - Assigning a channel with the label orthorhombic to the io key structure__orthorhombic
2026-01-27 16:43:42,418 - pyiron_log - INFO - Assigning a channel with the label cubic to the io key structure__cubic
2026-01-27 16:43:42,418 - pyiron_log - INFO - Assigning a channel with the label cdict to the io key structure__cdict
2026-01-27 16:43:42,418 - pyiron_log - INFO - Assigning a channel with the label pair_style to the io key ev_curves__pair_style
2026-01-27 16:43:42,418 - pyiron_log - INFO - Assigning a channel with the label pair_coeff to the io key ev_curves__pair_coeff
2026-01-27 16:43:42,418 - pyiron_log - INFO - Assigning a channel with the label vol_range to the io key ev_curves__vol_range
2026-01-27 16:43:42,418 - pyiron_log - INFO - Assigning a channel with the label num_of_points to the io key ev_curves__num_of_points
2026-01-27 16:43:42,418 - pyiron_log - INFO - Assigning a channel with the label cores to the io key ev_curves__cores
2026-01-27 16:43:42,418 - pyiron_log - INFO - Assigning a channel with the label e_tol to the io key ev_curves__e_tol
2026-01-27 16:43:42,418 - pyiron_log - INFO - Assigning a channel with the label f_tol to the io key ev_curves__f_tol
2026-01-27 16:43:42,418 - pyiron_log - INFO - Assigning a channel with the label n_energy_steps to the io key ev_curves__n_energy_steps
2026-01-27 16:43:42,418 - pyiron_log - INFO - Assigning a channel with the label n_force_steps to the io key ev_curves__n_force_steps
2026-01-27 16:43:42,418 - pyiron_log - INFO - Assigning a channel with the label cdict to the io key ev_curves__cdict
2026-01-27 16:43:42,418 - pyiron_log - INFO - Assigning a channel with the label potential_type to the io key ev_curves__potential_type
2026-01-27 16:43:42,418 - pyiron_log - INFO - Assigning a channel with the label potential_doi to the io key ev_curves__potential_doi
2026-01-27 16:43:42,418 - pyiron_log - INFO - Assigning a channel with the label name to the io key structure__name
2026-01-27 16:43:42,418 - pyiron_log - INFO - Assigning a channel with the label crystalstructure to the io key structure__crystalstructure
2026-01-27 16:43:42,418 - pyiron_log - INFO - Assigning a channel with the label a to the io key structure__a
2026-01-27 16:43:42,418 - pyiron_log - INFO - Assigning a channel with the label c to the io key structure__c
2026-01-27 16:43:42,418 - pyiron_log - INFO - Assigning a channel with the label covera to the io key structure__covera
2026-01-27 16:43:42,418 - pyiron_log - INFO - Assigning a channel with the label u to the io key structure__u
2026-01-27 16:43:42,418 - pyiron_log - INFO - Assigning a channel with the label orthorhombic to the io key structure__orthorhombic
2026-01-27 16:43:42,418 - pyiron_log - INFO - Assigning a channel with the label cubic to the io key structure__cubic
2026-01-27 16:43:42,418 - pyiron_log - INFO - Assigning a channel with the label cdict to the io key structure__cdict
2026-01-27 16:43:42,418 - pyiron_log - INFO - Assigning a channel with the label pair_style to the io key ev_curves__pair_style
2026-01-27 16:43:42,418 - pyiron_log - INFO - Assigning a channel with the label pair_coeff to the io key ev_curves__pair_coeff
2026-01-27 16:43:42,418 - pyiron_log - INFO - Assigning a channel with the label vol_range to the io key ev_curves__vol_range
2026-01-27 16:43:42,418 - pyiron_log - INFO - Assigning a channel with the label num_of_points to the io key ev_curves__num_of_points
2026-01-27 16:43:42,418 - pyiron_log - INFO - Assigning a channel with the label cores to the io key ev_curves__cores
2026-01-27 16:43:42,418 - pyiron_log - INFO - Assigning a channel with the label e_tol to the io key ev_curves__e_tol
2026-01-27 16:43:42,418 - pyiron_log - INFO - Assigning a channel with the label f_tol to the io key ev_curves__f_tol
2026-01-27 16:43:42,418 - pyiron_log - INFO - Assigning a channel with the label n_energy_steps to the io key ev_curves__n_energy_steps
2026-01-27 16:43:42,418 - pyiron_log - INFO - Assigning a channel with the label n_force_steps to the io key ev_curves__n_force_steps
2026-01-27 16:43:42,418 - pyiron_log - INFO - Assigning a channel with the label cdict to the io key ev_curves__cdict
2026-01-27 16:43:42,418 - pyiron_log - INFO - Assigning a channel with the label potential_type to the io key ev_curves__potential_type
2026-01-27 16:43:42,418 - pyiron_log - INFO - Assigning a channel with the label potential_doi to the io key ev_curves__potential_doi
2026-01-27 16:43:48,909 - pyiron_log - INFO - Assigning a channel with the label datadict to the io key ev_curves__datadict
